==============================================================================
heightmap 柔化   apply=False
==============================================================================
原始 BMP: w=4096 h=2048 bpp=8 comp=0 dataoff=1078 size=8389686
biHeight=2048 (bottom-up)
读入阵列 (2048, 4096) dtype=uint8
陆地 572469 px (6.824%)  海洋 7816139 px
原陆地灰度 min=97 max=200 mean=125.57
陆地连通块 90 个：1px=0  2-4px=0  5-20px=11  21-100px=31  >100px=48
最大 8 块像素数: [310276, 141935, 39619, 8697, 7750, 6063, 5631, 4964]

海面距离场: max=1660.3 px

------------------------------------------------------------------------------
校验
------------------------------------------------------------------------------
陆地: min=96 max=191 mean=120.86  | 低于 96 的像素 = 0
沿海陆地(d==1): 像素 30191 个, min=96 max=96, 全部==96: True
海面: min=10 max=93  | 高于 93 的像素 = 0

海面按距岸整数圈的中位灰度（对照用户规格）:
   r=1    n=43788     median= 93.0  mean=92.71  min=92 max=93
   r=2    n=37726     median= 89.0  mean=88.66  min=86 max=90
   r=3    n=25642     median= 84.0  mean=83.56  min=82 max=85
   r=4    n=23149     median= 79.0  mean=79.06  min=78 max=80
   r=5    n=29721     median= 75.0  mean=73.68  min=71 max=75
   r=6    n=20203     median= 69.0  mean=68.76  min=67 max=70
   r=7    n=22781     median= 65.0  mean=64.93  min=63 max=66
   r=8    n=21466     median= 61.0  mean=60.63  min=58 max=62
   r=9    n=18942     median= 57.0  mean=56.43  min=54 max=58
   r=10   n=18813     median= 53.0  mean=52.51  min=51 max=54
   r=11   n=16121     median= 49.0  mean=49.47  min=49 max=50
   r=12   n=18538     median= 48.0  mean=47.49  min=46 max=48
   r=13   n=18739     median= 45.0  mean=45.24  min=44 max=46
   r=14   n=16721     median= 43.0  mean=43.11  min=42 max=44
   r=15   n=16156     median= 41.0  mean=41.25  min=40 max=42
   r=16   n=15592     median= 39.0  mean=39.25  min=38 max=40
   r=17   n=16830     median= 37.0  mean=37.33  min=36 max=38
   r=18   n=16155     median= 35.0  mean=35.18  min=34 max=36
   r=19   n=15490     median= 33.0  mean=33.28  min=32 max=34
   r=20   n=14732     median= 31.0  mean=31.37  min=30 max=32
   r=21   n=16637     median= 29.0  mean=29.18  min=28 max=30
   r=22   n=14360     median= 27.0  mean=27.16  min=26 max=28
   r=23   n=14140     median= 25.0  mean=25.17  min=24 max=26
   r=24   n=14797     median= 23.0  mean=23.39  min=22 max=24
   r=25   n=15347     median= 21.0  mean=21.28  min=20 max=22
   r=26   n=15386     median= 19.0  mean=19.15  min=18 max=20
   r=27   n=13550     median= 17.0  mean=17.15  min=16 max=18
   r=28   n=13474     median= 15.0  mean=15.25  min=14 max=16
   r=29   n=14966     median= 13.0  mean=13.34  min=12 max=14
   r=30   n=13782     median= 11.0  mean=11.21  min=10 max=12
   r=31   n=14769     median= 10.0  mean=10.00  min=10 max=10
   r=32   n=7227626   median= 10.0  mean=10.00  min=10 max=10

相邻像素落差: 纵向 max=22  横向 max=20
   |Δ| >= 1   : 1790276 对
   |Δ| >= 2   : 1165718 对
   |Δ| >= 3   : 665853 对
   |Δ| >= 5   : 200265 对
   |Δ| >= 8   : 45381 对
   |Δ| >= 16  : 838 对
   |Δ|>3 且不在海岸线的像素: 406543  |  与陆地相邻海面在 r>1 处落差>3 的: 77159

输出直方图（非零）: 共 171 个灰阶, 10..191
   10:7244702   30:8716     50:7508     70:7610     90:15283    93:30991    96:61937    97:39443   

预览: preview_full.png（4096x2048）；preview_coast_zoom.png（crop y=64 x=1728, 2x 放大）

（试算模式，未改动 heightmap.bmp）

耗时 6.9 s
